// Vitest Snapshot v1, https://vitest.dev/guide/snapshot.html

exports[`Detect circular dependencies in the specified directory. 1`] = `"a.js -> b.js , b.js -> a.js :: a.js -> b.js , b.js -> c.js , c.js -> a.js :: a.js -> c.js , c.js -> a.js"`;

exports[`Ignore node_modules and dist directories. 1`] = `""`;
