---
source: crates/check_danger_jsx_props/tests/lib_test.rs
expression: response.to_string()
snapshot_kind: text
---
{
  "path": "b.tsx",
  "items": [],
  "errors": []
}
